C:/Users/isabe/OneDrive/Documents/GitHub/stm32-avionics-power-monitor/firmware/avionics_power_monitor/Core/Src/main.c:66:5:main	1
C:/Users/isabe/OneDrive/Documents/GitHub/stm32-avionics-power-monitor/firmware/avionics_power_monitor/Core/Src/main.c:111:6:SystemClock_Config	3
C:/Users/isabe/OneDrive/Documents/GitHub/stm32-avionics-power-monitor/firmware/avionics_power_monitor/Core/Src/main.c:152:13:MX_USART2_UART_Init	5
C:/Users/isabe/OneDrive/Documents/GitHub/stm32-avionics-power-monitor/firmware/avionics_power_monitor/Core/Src/main.c:200:13:MX_GPIO_Init	1
C:/Users/isabe/OneDrive/Documents/GitHub/stm32-avionics-power-monitor/firmware/avionics_power_monitor/Core/Src/main.c:235:6:Error_Handler	1
